!*************** wst-xml-tests.map
! This map file is for the WTP 3.3 release
! These bundles are currently being developed and released from the HEAD branch

plugin@org.eclipse.wst.sse.core.tests=HEAD,:pserver:anonymous@dev.eclipse.org:/cvsroot/webtools,,sourceediting/tests/org.eclipse.wst.sse.core.tests
plugin@org.eclipse.wst.sse.ui.tests=HEAD,:pserver:anonymous@dev.eclipse.org:/cvsroot/webtools,,sourceediting/tests/org.eclipse.wst.sse.ui.tests
plugin@org.eclipse.wst.sse.ui.tests.performance=HEAD,:pserver:anonymous@dev.eclipse.org:/cvsroot/webtools,,sourceediting/tests/org.eclipse.wst.sse.ui.tests.performance

plugin@org.eclipse.wst.xml.core.tests=HEAD,:pserver:anonymous@dev.eclipse.org:/cvsroot/webtools,,sourceediting/tests/org.eclipse.wst.xml.core.tests
plugin@org.eclipse.wst.xml.ui.tests=HEAD,:pserver:anonymous@dev.eclipse.org:/cvsroot/webtools,,sourceediting/tests/org.eclipse.wst.xml.ui.tests
plugin@org.eclipse.wst.xml.tests.encoding=HEAD,:pserver:anonymous@dev.eclipse.org:/cvsroot/webtools,,sourceediting/tests/org.eclipse.wst.xml.tests.encoding
plugin@org.eclipse.wst.xml.ui.tests.performance=HEAD,:pserver:anonymous@dev.eclipse.org:/cvsroot/webtools,,sourceediting/tests/org.eclipse.wst.xml.ui.tests.performance
plugin@org.eclipse.wst.xml.validation.tests=HEAD,:pserver:anonymous@dev.eclipse.org:/cvsroot/webtools,,sourceediting/tests/org.eclipse.wst.xml.validation.tests
plugin@org.eclipse.wst.xml.catalog.tests=HEAD,:pserver:anonymous@dev.eclipse.org:/cvsroot/webtools,,sourceediting/tests/org.eclipse.wst.xml.catalog.tests

plugin@org.eclipse.wst.dtd.core.tests=HEAD,:pserver:anonymous@dev.eclipse.org:/cvsroot/webtools,,sourceediting/tests/org.eclipse.wst.dtd.core.tests
plugin@org.eclipse.wst.dtd.ui.tests=HEAD,:pserver:anonymous@dev.eclipse.org:/cvsroot/webtools,,sourceediting/tests/org.eclipse.wst.dtd.ui.tests

plugin@org.eclipse.wst.xsd.validation.tests=HEAD,:pserver:anonymous@dev.eclipse.org:/cvsroot/webtools,,sourceediting/tests/org.eclipse.wst.xsd.validation.tests
plugin@org.eclipse.wst.xsd.tests.performance=HEAD,:pserver:anonymous@dev.eclipse.org:/cvsroot/webtools,,sourceediting/tests/org.eclipse.wst.xsd.tests.performance
plugin@org.eclipse.wst.xsd.core.tests=HEAD,:pserver:anonymous@dev.eclipse.org:/cvsroot/webtools,,sourceediting/tests/org.eclipse.wst.xsd.core.tests
plugin@org.eclipse.wst.xsd.ui.tests=HEAD,:pserver:anonymous@dev.eclipse.org:/cvsroot/webtools,,sourceediting/tests/org.eclipse.wst.xsd.ui.tests
plugin@org.eclipse.wst.common.tests.preformance=HEAD;:pserver:anonymous@dev.eclipse.org:/cvsroot/webtools,,common/tests/org.eclipse.wst.common.tests.performance
plugin@org.eclipse.test=HEAD,:pserver:anonymous@dev.eclipse.org:/cvsroot/eclipse,
fragment@org.eclipse.ant.optional.junit=HEAD,:pserver:anonymous@dev.eclipse.org:/cvsroot/eclipse,

!***************