!*************** wst-jsdt-tests.map
! This map file is for the WTP 3.2 release
! These bundles are currently being developed and released from the HEAD branch

plugin@org.eclipse.wst.jsdt.core.tests.compiler=HEAD,:pserver:anonymous@dev.eclipse.org:/cvsroot/webtools,,jsdt/tests/org.eclipse.wst.jsdt.core.tests.compiler
plugin@org.eclipse.wst.jsdt.core.tests.model=HEAD,:pserver:anonymous@dev.eclipse.org:/cvsroot/webtools,,jsdt/tests/org.eclipse.wst.jsdt.core.tests.model

plugin@org.eclipse.wst.jsdt.debug.core.tests=HEAD,:pserver:anonymous@dev.eclipse.org:/cvsroot/webtools,,jsdt/tests/org.eclipse.wst.jsdt.debug.core.tests
plugin@org.eclipse.wst.jsdt.debug.rhino.tests=HEAD,:pserver:anonymous@dev.eclipse.org:/cvsroot/webtools,,jsdt/tests/org.eclipse.wst.jsdt.debug.rhino.tests

plugin@org.eclipse.wst.jsdt.ui.tests=HEAD,:pserver:anonymous@dev.eclipse.org:/cvsroot/webtools,,jsdt/tests/org.eclipse.wst.jsdt.ui.tests

feature@org.eclipse.wst.jsdt.tests.feature=HEAD,:pserver:anonymous@dev.eclipse.org:/cvsroot/webtools,,jsdt/development/org.eclipse.wst.jsdt.tests.feature

plugin@org.eclipse.wst.jsdt.web.core.tests=HEAD,:pserver:anonymous@dev.eclipse.org:/cvsroot/webtools,,sourceediting/tests/org.eclipse.wst.jsdt.web.core.tests
plugin@org.eclipse.wst.jsdt.web.ui.tests=HEAD,:pserver:anonymous@dev.eclipse.org:/cvsroot/webtools,,sourceediting/tests/org.eclipse.wst.jsdt.web.ui.tests

plugin@org.eclipse.test=v20080313,:pserver:anonymous@dev.eclipse.org:/cvsroot/eclipse,
fragment@org.eclipse.ant.optional.junit=v20070202,:pserver:anonymous@dev.eclipse.org:/cvsroot/eclipse,
!***************